<?xml version="1.0" encoding="UTF-8"?><rss version="2.0"
	xmlns:content="http://purl.org/rss/1.0/modules/content/"
	xmlns:wfw="http://wellformedweb.org/CommentAPI/"
	xmlns:dc="http://purl.org/dc/elements/1.1/"
	xmlns:atom="http://www.w3.org/2005/Atom"
	xmlns:sy="http://purl.org/rss/1.0/modules/syndication/"
	xmlns:slash="http://purl.org/rss/1.0/modules/slash/"
	>

<channel>
	<title>TOWERS</title>
	<atom:link href="https://austin.towers.net/feed/" rel="self" type="application/rss+xml" />
	<link>https://austin.towers.net</link>
	<description></description>
	<lastBuildDate>Thu, 20 Aug 2026 13:51:20 +0000</lastBuildDate>
	<language>en-US</language>
	<sy:updatePeriod>
	hourly	</sy:updatePeriod>
	<sy:updateFrequency>
	1	</sy:updateFrequency>
	<generator>https://wordpress.org/?v=7.0.4</generator>

<image>
	<url>https://austin.towers.net/wp-content/uploads/sites/19/cropped-T-32x32.png</url>
	<title>TOWERS</title>
	<link>https://austin.towers.net</link>
	<width>32</width>
	<height>32</height>
</image> 
	<item>
		<title>Waterline&#8217;s Penthouse Will Be Ready For You on September 1st</title>
		<link>https://austin.towers.net/waterlines-penthouse-will-be-ready-for-you-on-september-1st/</link>
		
		<dc:creator><![CDATA[Jude Galligan]]></dc:creator>
		<pubDate>Thu, 20 Aug 2026 13:39:05 +0000</pubDate>
				<category><![CDATA[News]]></category>
		<category><![CDATA[rainey street district]]></category>
		<category><![CDATA[waterline]]></category>
		<guid isPermaLink="false">https://austin.towers.net/?p=94785</guid>

					<description><![CDATA[The Waterline, Austin&#8217;s tallest tower, is finally ready to welcome residents after years of construction. Serving as the gateway to the Rainey District, the Waterline is responsible for much of the Waller Creek Greenway <a href="https://www.austintexas.gov/watershed-protection/projects/confluence">Confluence</a> &#160;build-out in the district. Today, the first MLS listing popped up and it&#8217;s for a 69th floor two-bedroom, priced at &#8211;...]]></description>
		
		
		
			</item>
		<item>
		<title>Apollo Chooses Austin</title>
		<link>https://austin.towers.net/apollo-chooses-austin-texas/</link>
		
		<dc:creator><![CDATA[Jude Galligan]]></dc:creator>
		<pubDate>Tue, 04 Aug 2026 11:56:33 +0000</pubDate>
				<category><![CDATA[News]]></category>
		<guid isPermaLink="false">https://austin.towers.net/?p=94776</guid>

					<description><![CDATA[Apollo Global Management ( <a href="https://ticker.id/APO">$APO</a> ) has announced that <a href="https://ticker.id/c/squawk-on-the-street/9am-hour-u-s-japan-yen-intervention-stocks-rally-as-oil-prices-slide-astrazeneca-bristol-myers-m-a-buzz-8-3-26?s=1756970&#38;e=1775712">Austin has been chosen</a> as its innovation and emerging technology hub. Notably, Austin was in the running against Miami, Palm Beach and Nashville. &#160; Reports keep referring to this deal as a &#8220;second headquarters&#8221;; implying that Apollo is not quite ready to abandon its New York City roots, and this isn&#8217;t...]]></description>
		
		
		
			</item>
		<item>
		<title>Well, That Backfired</title>
		<link>https://austin.towers.net/well-that-backfired/</link>
		
		<dc:creator><![CDATA[Jude Galligan]]></dc:creator>
		<pubDate>Thu, 19 Feb 2026 15:58:56 +0000</pubDate>
				<category><![CDATA[News]]></category>
		<guid isPermaLink="false">https://austin.towers.net/?p=94765</guid>

					<description><![CDATA[We&#8217;ve all heard cars that backfire incessantly. The siren song of enthusiastic, gifted, drivers who enjoy announcing their car&#8217;s presence at stop lights. A proposed new law is on deck to limit how much exhaust noise a &#8220;person of ordinary sensibilities&#8221; must tolerate. City Council is expected to vote on the <a href="https://services.austintexas.gov/edims/document.cfm?id=467767">ordinance</a> at their next meeting....]]></description>
		
		
		
			</item>
		<item>
		<title>Paseo Apartment Tower Celebrates Topping Out on Rainey Street</title>
		<link>https://austin.towers.net/paseo-apartment-tower-celebrates-topping-out-on-rainey-street/</link>
					<comments>https://austin.towers.net/paseo-apartment-tower-celebrates-topping-out-on-rainey-street/#respond</comments>
		
		<dc:creator><![CDATA[James Rambin]]></dc:creator>
		<pubDate>Wed, 28 Aug 2024 20:28:57 +0000</pubDate>
				<category><![CDATA[News]]></category>
		<category><![CDATA[78701]]></category>
		<category><![CDATA[apartments]]></category>
		<category><![CDATA[architecture]]></category>
		<category><![CDATA[city life]]></category>
		<category><![CDATA[design]]></category>
		<category><![CDATA[rainey street district]]></category>
		<category><![CDATA[residential]]></category>
		<guid isPermaLink="false">https://austin.towers.net/?p=94697</guid>

					<description><![CDATA[<a href="https://austin.towers.net/paseo-apartment-tower-secures-financing-to-rise-on-rainey-in-2023/" target="_blank" rel="noopener">Paseo,</a> the 557-unit downtown Austin apartment tower now rising on <a href="https://austin.towers.net/tag/rainey-street-district/" target="_blank" rel="noopener">Rainey Street</a> that just happened to receive its name <a href="https://austin.towers.net/whoops-we-accidentally-named-this-tower-on-rainey-street/" target="_blank" rel="noopener">from yours truly,</a> has officially reached its maximum height. The building&#8217;s development team, including its general contractors at JE Dunn Construction and developers LV Collective, celebrated this &#8220;topping out&#8221; milestone last Friday, sending a flag up the tower crane and signing the...]]></description>
		
					<wfw:commentRss>https://austin.towers.net/paseo-apartment-tower-celebrates-topping-out-on-rainey-street/feed/</wfw:commentRss>
			<slash:comments>0</slash:comments>
		
		
			</item>
		<item>
		<title>Home2 Suites Hotel Tower Planned at the North Edge of Downtown Austin</title>
		<link>https://austin.towers.net/home2-suites-hotel-tower-planned-at-the-north-edge-of-downtown-austin/</link>
					<comments>https://austin.towers.net/home2-suites-hotel-tower-planned-at-the-north-edge-of-downtown-austin/#respond</comments>
		
		<dc:creator><![CDATA[James Rambin]]></dc:creator>
		<pubDate>Fri, 23 Aug 2024 13:43:48 +0000</pubDate>
				<category><![CDATA[News]]></category>
		<category><![CDATA[78701]]></category>
		<category><![CDATA[design]]></category>
		<category><![CDATA[hotels]]></category>
		<guid isPermaLink="false">https://austin.towers.net/?p=94693</guid>

					<description><![CDATA[A 14-story hotel tower containing a Home2 Suites by Hilton is planned on the north edge of downtown Austin near the southeast corner of Guadalupe Street and West Martin Luther King Jr. Boulevard, according to recent permit applications with the City of Austin. The project by Houston-based management firm PA Hospitality is expected to rise...]]></description>
		
					<wfw:commentRss>https://austin.towers.net/home2-suites-hotel-tower-planned-at-the-north-edge-of-downtown-austin/feed/</wfw:commentRss>
			<slash:comments>0</slash:comments>
		
		
			</item>
		<item>
		<title>In Sunny North Austin, a 350-Foot Building Ain’t Nothing To Sneeze At</title>
		<link>https://austin.towers.net/in-sunny-north-austin-a-350-foot-building-aint-nothing-to-sneeze-at/</link>
					<comments>https://austin.towers.net/in-sunny-north-austin-a-350-foot-building-aint-nothing-to-sneeze-at/#respond</comments>
		
		<dc:creator><![CDATA[James Rambin]]></dc:creator>
		<pubDate>Wed, 14 Aug 2024 19:53:29 +0000</pubDate>
				<category><![CDATA[News]]></category>
		<category><![CDATA[78758]]></category>
		<category><![CDATA[hotel]]></category>
		<category><![CDATA[residential]]></category>
		<guid isPermaLink="false">https://austin.towers.net/?p=94689</guid>

					<description><![CDATA[There are very few aspects of Austin&#8217;s ongoing process of urban development more personally satisfying to me than the <a href="https://austin.towers.net/saving-north-austin-from-suburban-sprawl-one-tower-at-a-time/" target="_blank" rel="noopener">slow densification</a> of the north side of town, which is where I spent most of my time growing up. That scene in <a href="https://evilmopacatx.substack.com/p/revisiting-office-space-filming-locations" target="_blank" rel="noopener">Office Space</a> where Peter and his coworkers walk across an empty retention pond between parking lots on their...]]></description>
		
					<wfw:commentRss>https://austin.towers.net/in-sunny-north-austin-a-350-foot-building-aint-nothing-to-sneeze-at/feed/</wfw:commentRss>
			<slash:comments>0</slash:comments>
		
		
			</item>
		<item>
		<title>Steck Office Park Rezoning Moves Forward in Northwest Austin</title>
		<link>https://austin.towers.net/steck-office-park-rezoning-moves-forward-in-northwest-austin/</link>
					<comments>https://austin.towers.net/steck-office-park-rezoning-moves-forward-in-northwest-austin/#respond</comments>
		
		<dc:creator><![CDATA[James Rambin]]></dc:creator>
		<pubDate>Fri, 09 Aug 2024 15:36:59 +0000</pubDate>
				<category><![CDATA[News]]></category>
		<guid isPermaLink="false">https://austin.towers.net/?p=94686</guid>

					<description><![CDATA[The <a href="https://austin.towers.net/northwest-austin-office-park-site-seeks-12-acre-residential-rezoning" target="_blank" rel="noopener">rezoning application</a> for a Northwest Austin office park containing three separate buildings and a parking structure on a site spanning more than 12 acres at the northwest corner of Steck Avenue and the MoPac Expressway frontage road is moving forward this week. The request for vertical mixed-use zoning at the property under the city&#8217;s new <a href="https://www.austinmonitor.com/stories/2024/03/adjusted-density-bonus-program-pushes-housing-affordability-on-commercial-properties/" target="_blank" rel="noopener">DB90 bonus program</a> by...]]></description>
		
					<wfw:commentRss>https://austin.towers.net/steck-office-park-rezoning-moves-forward-in-northwest-austin/feed/</wfw:commentRss>
			<slash:comments>0</slash:comments>
		
		
			</item>
		<item>
		<title>Braker and Kramer Apartments Bringing Nearly 400 Homes to North Burnet</title>
		<link>https://austin.towers.net/braker-and-kramer-apartments-bringing-nearly-400-homes-to-north-burnet/</link>
					<comments>https://austin.towers.net/braker-and-kramer-apartments-bringing-nearly-400-homes-to-north-burnet/#respond</comments>
		
		<dc:creator><![CDATA[James Rambin]]></dc:creator>
		<pubDate>Fri, 02 Aug 2024 15:10:02 +0000</pubDate>
				<category><![CDATA[News]]></category>
		<guid isPermaLink="false">https://austin.towers.net/?p=94678</guid>

					<description><![CDATA[An apartment project planned by Austin&#8217;s own Endeavor Real Estate Group at a 4.3-acre collection of properties located at the corner of Braker and Kramer Lanes could continue the ongoing urbanization of the North Burnet region near hotspots like the Domain and Q2 Stadium. It&#8217;s great news for future residents of the project&#8217;s anticipated 396...]]></description>
		
					<wfw:commentRss>https://austin.towers.net/braker-and-kramer-apartments-bringing-nearly-400-homes-to-north-burnet/feed/</wfw:commentRss>
			<slash:comments>0</slash:comments>
		
		
			</item>
		<item>
		<title>The Modern Austin Residences Tops Out in the Rainey Street District</title>
		<link>https://austin.towers.net/the-modern-austin-residences-tops-out-in-the-rainey-street-district/</link>
					<comments>https://austin.towers.net/the-modern-austin-residences-tops-out-in-the-rainey-street-district/#respond</comments>
		
		<dc:creator><![CDATA[James Rambin]]></dc:creator>
		<pubDate>Wed, 31 Jul 2024 21:17:20 +0000</pubDate>
				<category><![CDATA[News]]></category>
		<category><![CDATA[78701]]></category>
		<category><![CDATA[architecture]]></category>
		<category><![CDATA[condos]]></category>
		<category><![CDATA[design]]></category>
		<category><![CDATA[rainey street district]]></category>
		<category><![CDATA[residential]]></category>
		<guid isPermaLink="false">https://austin.towers.net/?p=94672</guid>

					<description><![CDATA[The 56-story <a href="https://austin.towers.net/meet-the-modern-austin-condo-tower-headed-for-the-modern-rainey-district/" target="_blank" rel="noopener">Modern Austin Residences</a> condo tower project celebrated its official &#8220;topping out&#8221; this week, with the building now reaching its maximum structural height of 658 feet at the northeast corner of Davis and Rainey Streets on the north end of the <a href="https://austin.towers.net/tag/rainey-street-district/" target="_blank" rel="noopener">Rainey Street District</a> in downtown Austin. It&#8217;s just one of multiple tower projects currently redefining the <a href="https://austin.towers.net/rainey-streets-future-skyline-looks-like-a-second-downtown-austin/" target="_blank" rel="noopener">skyline of this neighborhood,</a> which already contains...]]></description>
		
					<wfw:commentRss>https://austin.towers.net/the-modern-austin-residences-tops-out-in-the-rainey-street-district/feed/</wfw:commentRss>
			<slash:comments>0</slash:comments>
		
		
			</item>
		<item>
		<title>What’s Next for East Austin’s Tillery Street Pecan Grove?</title>
		<link>https://austin.towers.net/whats-next-for-east-austins-tillery-street-pecan-grove/</link>
					<comments>https://austin.towers.net/whats-next-for-east-austins-tillery-street-pecan-grove/#respond</comments>
		
		<dc:creator><![CDATA[James Rambin]]></dc:creator>
		<pubDate>Fri, 26 Jul 2024 15:55:21 +0000</pubDate>
				<category><![CDATA[News]]></category>
		<category><![CDATA[78702]]></category>
		<category><![CDATA[city life]]></category>
		<category><![CDATA[parks]]></category>
		<guid isPermaLink="false">https://austin.towers.net/?p=94663</guid>

					<description><![CDATA[<a href="https://austin.towers.net/wp-content/uploads/sites/19/tillery_grove.jpg"></a> For decades, residents of the Govalle neighborhood in East Austin have enjoyed a grove of roughly 75 pecan trees planted in an unusually neat orchard-like grid on undeveloped land at 1129 Tillery Street, the site serving the community as an <a href="https://www.austinchronicle.com/news/2019-02-22/govalle-neighbors-rally-to-save-pecan-grove/" target="_blank" rel="noopener">ad hoc neighborhood park</a> and also supplying a healthy crop of pecans for pies and pralines. The city-owned site...]]></description>
		
					<wfw:commentRss>https://austin.towers.net/whats-next-for-east-austins-tillery-street-pecan-grove/feed/</wfw:commentRss>
			<slash:comments>0</slash:comments>
		
		
			</item>
	</channel>
</rss>
