<?xml version="1.0" encoding="UTF-8"?><rss version="2.0"
	xmlns:content="http://purl.org/rss/1.0/modules/content/"
	xmlns:wfw="http://wellformedweb.org/CommentAPI/"
	xmlns:dc="http://purl.org/dc/elements/1.1/"
	xmlns:atom="http://www.w3.org/2005/Atom"
	xmlns:sy="http://purl.org/rss/1.0/modules/syndication/"
	xmlns:slash="http://purl.org/rss/1.0/modules/slash/"
	>

<channel>
	<title>TOWERS</title>
	<atom:link href="https://towers.net/feed/" rel="self" type="application/rss+xml" />
	<link>https://towers.net</link>
	<description></description>
	<lastBuildDate>Tue, 18 Sep 2018 00:43:00 +0000</lastBuildDate>
	<language>en-US</language>
	<sy:updatePeriod>
	hourly	</sy:updatePeriod>
	<sy:updateFrequency>
	1	</sy:updateFrequency>
	<generator>https://wordpress.org/?v=7.0.4</generator>
	<item>
		<title>Watch This East Austin Office Building Rust Before Your Eyes</title>
		<link>https://towers.net/watch-this-east-austin-office-building-rust-before-your-eyes/</link>
		
		<dc:creator><![CDATA[James Rambin]]></dc:creator>
		<pubDate>Tue, 18 Sep 2018 00:43:00 +0000</pubDate>
				<category><![CDATA[Austin]]></category>
		<guid isPermaLink="false">https://towers.net/2018/09/17/watch-this-east-austin-office-building-rust-before-your-eyes/</guid>

					<description><![CDATA[It would be pretty hilarious if someone designed a multi-million dollar building without ever thinking about what the weather might do to it, but that’s thankfully not the case for the five-story office project by Endeavor Real Estate Group at 901 East Sixth Street. No, this structure’s steel exterior, designed by Delineate Studio, is intended...]]></description>
		
		
		
			</item>
		<item>
		<title>Central Austin Development Roundup: Fresh Buildings Found Here</title>
		<link>https://towers.net/central-austin-development-roundup-fresh-buildings-found-here/</link>
		
		<dc:creator><![CDATA[James Rambin]]></dc:creator>
		<pubDate>Fri, 14 Sep 2018 22:15:00 +0000</pubDate>
				<category><![CDATA[Austin]]></category>
		<guid isPermaLink="false">https://towers.net/2018/09/14/central-austin-development-roundup-fresh-buildings-found-here/</guid>

					<description><![CDATA[Hello, Austin! It’s been wet the last few days — did we all collectively forget what that felt like? Anyway, now that we’re complaining about humidity instead of heat, I thought it was high time to hike through the streets of downtown and beyond to pick you up some fresh content. Don’t ever say we&#8230;]]></description>
		
		
		
			</item>
		<item>
		<title>Apartment Development on the Way for a South Lamar Storage Facility</title>
		<link>https://towers.net/apartment-development-on-the-way-for-a-south-lamar-storage-facility/</link>
		
		<dc:creator><![CDATA[James Rambin]]></dc:creator>
		<pubDate>Thu, 13 Sep 2018 19:16:00 +0000</pubDate>
				<category><![CDATA[Austin]]></category>
		<guid isPermaLink="false">https://towers.net/2018/09/13/apartment-development-on-the-way-for-a-south-lamar-storage-facility/</guid>

					<description><![CDATA[According to new city filings, the Security Self Storage facility located at 1515 South Lamar Boulevard might soon be storing selves instead, in the form of a 328-unit apartment project by multifamily mega-firm Fairfield Residential, which owns numerous communities around the country — though none in Austin, until now. For the most part, this new&#8230;]]></description>
		
		
		
			</item>
		<item>
		<title>Through the Looking-Glass at the Drever, Downtown’s Largest Tower Renovation</title>
		<link>https://towers.net/through-the-looking-glass-at-the-drever-downtowns-largest-tower-renovation/</link>
		
		<dc:creator><![CDATA[Adolfo Pesquera]]></dc:creator>
		<pubDate>Thu, 13 Sep 2018 15:40:00 +0000</pubDate>
				<category><![CDATA[Dallas]]></category>
		<guid isPermaLink="false">https://towers.net/2018/09/13/through-the-looking-glass-at-the-drever-downtowns-largest-tower-renovation/</guid>

					<description><![CDATA[Drever Capital Management received its fair share of good press over the last two years, as the owners of the California-based real estate investment outfit rode into Dallas like knights in shining armor to save one of downtown’s largest and best-known skyscrapers. Purchased out of bankruptcy in early 2016, the 52-story First National Bank tower was&#8230;]]></description>
		
		
		
			</item>
		<item>
		<title>Downtown Austin Needs a Signature Tower, So This Guy Designed One</title>
		<link>https://towers.net/downtown-austin-needs-a-signature-tower-so-this-guy-designed-one/</link>
		
		<dc:creator><![CDATA[James Rambin]]></dc:creator>
		<pubDate>Wed, 12 Sep 2018 06:28:00 +0000</pubDate>
				<category><![CDATA[Austin]]></category>
		<guid isPermaLink="false">https://towers.net/2018/09/12/downtown-austin-needs-a-signature-tower-so-this-guy-designed-one/</guid>

					<description><![CDATA[David Vaculin is not an architect. Thankfully, he’s not letting that slow him down. After our article last month about the common, yet difficult-to-define notion of the “signature tower,”  Vaculin, who lives in Round Rock, contacted me with his own thoughts on the subject. He may not be an architect himself — by day, he...]]></description>
		
		
		
			</item>
		<item>
		<title>The Once and Future Block 36</title>
		<link>https://towers.net/the-once-and-future-block-36/</link>
		
		<dc:creator><![CDATA[James Rambin]]></dc:creator>
		<pubDate>Sat, 08 Sep 2018 18:12:00 +0000</pubDate>
				<category><![CDATA[Austin]]></category>
		<guid isPermaLink="false">https://towers.net/2018/09/08/the-once-and-future-block-36/</guid>

					<description><![CDATA[We’ve known a multifamily project by developer Transwestern was in the cards for Block 36 of the original downtown Austin plan since the beginning of this year, but that’s about it — not nearly as exciting without a picture, is it? Good thing we’ve got some drawings now, thanks to recent city utility filings for...]]></description>
		
		
		
			</item>
		<item>
		<title>Mixed-Use Office Project Moves Forward at Employees Retirement System Site</title>
		<link>https://towers.net/mixed-use-office-project-moves-forward-at-employees-retirement-system-site/</link>
		
		<dc:creator><![CDATA[James Rambin]]></dc:creator>
		<pubDate>Thu, 06 Sep 2018 18:12:00 +0000</pubDate>
				<category><![CDATA[Austin]]></category>
		<guid isPermaLink="false">https://towers.net/2018/09/06/mixed-use-office-project-moves-forward-at-employees-retirement-system-site/</guid>

					<description><![CDATA[The Employees Retirement System of Texas isn’t wasting any time adding value to its office property located at 200 East 18th Street, which occupies a full block in the northeastern corner of the Texas Capitol Complex. Alongside the major changes taking place at the nearby Texas Mall section of the Capitol Complex Master Plan,  the ERS plans...]]></description>
		
		
		
			</item>
		<item>
		<title>The Tyndall’s On Deck in East Austin</title>
		<link>https://towers.net/the-tyndalls-on-deck-in-east-austin/</link>
		
		<dc:creator><![CDATA[James Rambin]]></dc:creator>
		<pubDate>Wed, 05 Sep 2018 07:42:00 +0000</pubDate>
				<category><![CDATA[Austin]]></category>
		<guid isPermaLink="false">https://towers.net/2018/09/05/the-tyndalls-on-deck-in-east-austin/</guid>

					<description><![CDATA[For a long time, I ignored the Tyndall . It just didn’t grab my attention. In fact, for several months I thought this Austin condo project, currently in a late stage of construction at 800 Embassy Drive just east of I-35, was destined to be another straightforward mid-rise apartment building like its neighbors, AMLI Eastside and...]]></description>
		
		
		
			</item>
		<item>
		<title>A Modest Proposal for Connecting Four Blocks in Downtown Austin</title>
		<link>https://towers.net/a-modest-proposal-for-connecting-four-blocks-in-downtown-austin/</link>
		
		<dc:creator><![CDATA[James Rambin]]></dc:creator>
		<pubDate>Sat, 01 Sep 2018 19:21:00 +0000</pubDate>
				<category><![CDATA[Austin]]></category>
		<guid isPermaLink="false">https://towers.net/2018/09/01/a-modest-proposal-for-connecting-four-blocks-in-downtown-austin/</guid>

					<description><![CDATA[Remember when there weren’t any major Austin condo or office towers west of Guadalupe Street in downtown? It’s kind of quaint to look back on now — I’m not old, but I’m old enough to remember the opposition to the 7Rio condo tower proposal at Seventh and Rio Grande Streets back around 2007, which eventually...]]></description>
		
		
		
			</item>
		<item>
		<title>West 17th Street Hotel Brings Height to Downtown’s Northern Gap</title>
		<link>https://towers.net/west-17th-street-hotel-brings-height-to-downtowns-northern-gap/</link>
		
		<dc:creator><![CDATA[James Rambin]]></dc:creator>
		<pubDate>Wed, 29 Aug 2018 22:21:00 +0000</pubDate>
				<category><![CDATA[Austin]]></category>
		<guid isPermaLink="false">https://towers.net/2018/08/29/west-17th-street-hotel-brings-height-to-downtowns-northern-gap/</guid>

					<description><![CDATA[Back in May, we covered plans for a hotel bound for the surface parking lot at the southwest corner of West 17th and Lavaca Streets by HRI Development — a New Orleans real estate firm with an impressive portfolio of apartment, condo, and hotel buildings, but none in Austin until now. Clocking in at 0.2 acres total,...]]></description>
		
		
		
			</item>
	</channel>
</rss>
