<?xml version="1.0" encoding="UTF-8"?><rss version="2.0"
	xmlns:content="http://purl.org/rss/1.0/modules/content/"
	xmlns:wfw="http://wellformedweb.org/CommentAPI/"
	xmlns:dc="http://purl.org/dc/elements/1.1/"
	xmlns:atom="http://www.w3.org/2005/Atom"
	xmlns:sy="http://purl.org/rss/1.0/modules/syndication/"
	xmlns:slash="http://purl.org/rss/1.0/modules/slash/"
	>

<channel>
	<title>Austin Transit Partnership</title>
	<atom:link href="https://www.atptx.org/feed/" rel="self" type="application/rss+xml" />
	<link>https://www.atptx.org/</link>
	<description>Transforming Mobility in Austin</description>
	<lastBuildDate>Fri, 17 Jul 2026 18:00:44 +0000</lastBuildDate>
	<language>en-US</language>
	<sy:updatePeriod>
	hourly	</sy:updatePeriod>
	<sy:updateFrequency>
	1	</sy:updateFrequency>
	<generator>https://wordpress.org/?v=7.1</generator>

<image>
	<url>https://www.atptx.org/wp-content/uploads/2021/01/favicon.png</url>
	<title>Austin Transit Partnership</title>
	<link>https://www.atptx.org/</link>
	<width>32</width>
	<height>32</height>
</image> 
	<item>
		<title>ATP Selects Manufacturer for Austin Light Rail Vehicles</title>
		<link>https://www.atptx.org/atp-selects-manufacturer-for-austin-light-rail-vehicles/</link>
		
		<dc:creator><![CDATA[Sarah Buie]]></dc:creator>
		<pubDate>Wed, 15 Jul 2026 22:00:32 +0000</pubDate>
				<category><![CDATA[Uncategorized]]></category>
		<guid isPermaLink="false">https://www.atptx.org/?p=36997</guid>

					<description><![CDATA[<p>The post <a href="https://www.atptx.org/atp-selects-manufacturer-for-austin-light-rail-vehicles/">ATP Selects Manufacturer for Austin Light Rail Vehicles</a> appeared first on <a href="https://www.atptx.org">Austin Transit Partnership</a>.</p>
]]></description>
										<content:encoded><![CDATA[<p>The post <a href="https://www.atptx.org/atp-selects-manufacturer-for-austin-light-rail-vehicles/">ATP Selects Manufacturer for Austin Light Rail Vehicles</a> appeared first on <a href="https://www.atptx.org">Austin Transit Partnership</a>.</p>
]]></content:encoded>
					
		
		
			</item>
		<item>
		<title>Austin Transit Partnership Selects Contractor to Deliver Operations and Maintenance Facility for Austin Light Rail</title>
		<link>https://www.atptx.org/austin-transit-partnership-selects-contractor-to-deliver-operations-and-maintenance-facility-for-austin-light-rail/</link>
		
		<dc:creator><![CDATA[Sarah Buie]]></dc:creator>
		<pubDate>Wed, 15 Apr 2026 21:00:38 +0000</pubDate>
				<category><![CDATA[Uncategorized]]></category>
		<guid isPermaLink="false">https://atptxdev.wpengine.com/?p=36879</guid>

					<description><![CDATA[<p>The post <a href="https://www.atptx.org/austin-transit-partnership-selects-contractor-to-deliver-operations-and-maintenance-facility-for-austin-light-rail/">Austin Transit Partnership Selects Contractor to Deliver Operations and Maintenance Facility for Austin Light Rail</a> appeared first on <a href="https://www.atptx.org">Austin Transit Partnership</a>.</p>
]]></description>
										<content:encoded><![CDATA[<p>The post <a href="https://www.atptx.org/austin-transit-partnership-selects-contractor-to-deliver-operations-and-maintenance-facility-for-austin-light-rail/">Austin Transit Partnership Selects Contractor to Deliver Operations and Maintenance Facility for Austin Light Rail</a> appeared first on <a href="https://www.atptx.org">Austin Transit Partnership</a>.</p>
]]></content:encoded>
					
		
		
			</item>
		<item>
		<title>Austin Transit Partnership Selects Contractor to Help Build Austin Light Rail</title>
		<link>https://www.atptx.org/austin-transit-partnership-selects-contractor-to-help-build-austin-light-rail/</link>
		
		<dc:creator><![CDATA[Sarah Buie]]></dc:creator>
		<pubDate>Wed, 18 Feb 2026 22:10:59 +0000</pubDate>
				<category><![CDATA[Uncategorized]]></category>
		<guid isPermaLink="false">https://atptxdev.wpengine.com/?p=36864</guid>

					<description><![CDATA[<p>The post <a href="https://www.atptx.org/austin-transit-partnership-selects-contractor-to-help-build-austin-light-rail/">Austin Transit Partnership Selects Contractor to Help Build Austin Light Rail</a> appeared first on <a href="https://www.atptx.org">Austin Transit Partnership</a>.</p>
]]></description>
										<content:encoded><![CDATA[<p>The post <a href="https://www.atptx.org/austin-transit-partnership-selects-contractor-to-help-build-austin-light-rail/">Austin Transit Partnership Selects Contractor to Help Build Austin Light Rail</a> appeared first on <a href="https://www.atptx.org">Austin Transit Partnership</a>.</p>
]]></content:encoded>
					
		
		
			</item>
		<item>
		<title>Austin Transit Partnership Completes Key Step in Federal Funding Process for Austin Light Rail</title>
		<link>https://www.atptx.org/austin-transit-partnership-completes-key-step-in-federal-funding-process-for-austin-light-rail/</link>
		
		<dc:creator><![CDATA[Sarah Buie]]></dc:creator>
		<pubDate>Fri, 16 Jan 2026 15:06:14 +0000</pubDate>
				<category><![CDATA[Uncategorized]]></category>
		<guid isPermaLink="false">https://www.atptx.org/?p=36798</guid>

					<description><![CDATA[<p>The post <a href="https://www.atptx.org/austin-transit-partnership-completes-key-step-in-federal-funding-process-for-austin-light-rail/">Austin Transit Partnership Completes Key Step in Federal Funding Process for Austin Light Rail</a> appeared first on <a href="https://www.atptx.org">Austin Transit Partnership</a>.</p>
]]></description>
										<content:encoded><![CDATA[<p>The post <a href="https://www.atptx.org/austin-transit-partnership-completes-key-step-in-federal-funding-process-for-austin-light-rail/">Austin Transit Partnership Completes Key Step in Federal Funding Process for Austin Light Rail</a> appeared first on <a href="https://www.atptx.org">Austin Transit Partnership</a>.</p>
]]></content:encoded>
					
		
		
			</item>
		<item>
		<title>Federal Transit Administration Gives Austin Light Rail a “Medium-High” Rating &#8211; Strongest Rating Awarded in 2026 Fiscal Year</title>
		<link>https://www.atptx.org/federal-transit-administration-gives-austin-light-rail-medium-high-rating/</link>
		
		<dc:creator><![CDATA[Sarah Buie]]></dc:creator>
		<pubDate>Wed, 19 Nov 2025 18:41:41 +0000</pubDate>
				<category><![CDATA[Uncategorized]]></category>
		<guid isPermaLink="false">https://www.atptx.org/?p=36695</guid>

					<description><![CDATA[<p>The post <a href="https://www.atptx.org/federal-transit-administration-gives-austin-light-rail-medium-high-rating/">Federal Transit Administration Gives Austin Light Rail a “Medium-High” Rating &#8211; Strongest Rating Awarded in 2026 Fiscal Year</a> appeared first on <a href="https://www.atptx.org">Austin Transit Partnership</a>.</p>
]]></description>
										<content:encoded><![CDATA[<p>The post <a href="https://www.atptx.org/federal-transit-administration-gives-austin-light-rail-medium-high-rating/">Federal Transit Administration Gives Austin Light Rail a “Medium-High” Rating &#8211; Strongest Rating Awarded in 2026 Fiscal Year</a> appeared first on <a href="https://www.atptx.org">Austin Transit Partnership</a>.</p>
]]></content:encoded>
					
		
		
			</item>
		<item>
		<title>Community Advisory Committee Application Now Open</title>
		<link>https://www.atptx.org/community-advisory-committee-application-now-open/</link>
		
		<dc:creator><![CDATA[Candice.Honaker@atptx.org]]></dc:creator>
		<pubDate>Mon, 15 Sep 2025 19:41:13 +0000</pubDate>
				<category><![CDATA[Uncategorized]]></category>
		<guid isPermaLink="false">https://www.atptx.org/?p=36521</guid>

					<description><![CDATA[<p>The post <a href="https://www.atptx.org/community-advisory-committee-application-now-open/">Community Advisory Committee Application Now Open</a> appeared first on <a href="https://www.atptx.org">Austin Transit Partnership</a>.</p>
]]></description>
										<content:encoded><![CDATA[<p>The post <a href="https://www.atptx.org/community-advisory-committee-application-now-open/">Community Advisory Committee Application Now Open</a> appeared first on <a href="https://www.atptx.org">Austin Transit Partnership</a>.</p>
]]></content:encoded>
					
		
		
			</item>
		<item>
		<title>ATP Releases Official Contracting Opportunity for Austin Light Rail Multibillion-Dollar Final Design and Construction Contract</title>
		<link>https://www.atptx.org/atp-releases-official-contracting-opportunity-for-austin-light-rail-multibillion-dollar-final-design-and-construction-contract/</link>
		
		<dc:creator><![CDATA[Sarah Buie]]></dc:creator>
		<pubDate>Fri, 06 Jun 2025 18:36:28 +0000</pubDate>
				<category><![CDATA[Uncategorized]]></category>
		<guid isPermaLink="false">https://www.atptx.org/?p=7625</guid>

					<description><![CDATA[<p>The post <a href="https://www.atptx.org/atp-releases-official-contracting-opportunity-for-austin-light-rail-multibillion-dollar-final-design-and-construction-contract/">ATP Releases Official Contracting Opportunity for Austin Light Rail Multibillion-Dollar Final Design and Construction Contract</a> appeared first on <a href="https://www.atptx.org">Austin Transit Partnership</a>.</p>
]]></description>
										<content:encoded><![CDATA[<p>The post <a href="https://www.atptx.org/atp-releases-official-contracting-opportunity-for-austin-light-rail-multibillion-dollar-final-design-and-construction-contract/">ATP Releases Official Contracting Opportunity for Austin Light Rail Multibillion-Dollar Final Design and Construction Contract</a> appeared first on <a href="https://www.atptx.org">Austin Transit Partnership</a>.</p>
]]></content:encoded>
					
		
		
			</item>
		<item>
		<title>Project Connect Honored with Community Advancement Network’s Transformational Impact Award</title>
		<link>https://www.atptx.org/project-connect-honored-with-community-advancement-networks-transformational-impact-award/</link>
		
		<dc:creator><![CDATA[wpengine]]></dc:creator>
		<pubDate>Wed, 26 Mar 2025 22:34:43 +0000</pubDate>
				<category><![CDATA[Uncategorized]]></category>
		<guid isPermaLink="false">https://www.atptx.org/?p=6564</guid>

					<description><![CDATA[<p>The post <a href="https://www.atptx.org/project-connect-honored-with-community-advancement-networks-transformational-impact-award/">Project Connect Honored with Community Advancement Network’s Transformational Impact Award</a> appeared first on <a href="https://www.atptx.org">Austin Transit Partnership</a>.</p>
]]></description>
										<content:encoded><![CDATA[<p>The post <a href="https://www.atptx.org/project-connect-honored-with-community-advancement-networks-transformational-impact-award/">Project Connect Honored with Community Advancement Network’s Transformational Impact Award</a> appeared first on <a href="https://www.atptx.org">Austin Transit Partnership</a>.</p>
]]></content:encoded>
					
		
		
			</item>
		<item>
		<title>ATP Initiates Procurement Of Multibillion-Dollar Final Design And Construction Contract For Austin Light Rail Phase 1</title>
		<link>https://www.atptx.org/atp-initiates-procurement-of-multibillion-dollar-final-design-and-construction-contract-for-austin-light-rail-phase-1/</link>
		
		<dc:creator><![CDATA[Sarah Buie]]></dc:creator>
		<pubDate>Wed, 05 Feb 2025 16:12:57 +0000</pubDate>
				<category><![CDATA[Uncategorized]]></category>
		<guid isPermaLink="false">https://www.atptx.org/?p=5671</guid>

					<description><![CDATA[<p>The post <a href="https://www.atptx.org/atp-initiates-procurement-of-multibillion-dollar-final-design-and-construction-contract-for-austin-light-rail-phase-1/">ATP Initiates Procurement Of Multibillion-Dollar Final Design And Construction Contract For Austin Light Rail Phase 1</a> appeared first on <a href="https://www.atptx.org">Austin Transit Partnership</a>.</p>
]]></description>
										<content:encoded><![CDATA[<p>The post <a href="https://www.atptx.org/atp-initiates-procurement-of-multibillion-dollar-final-design-and-construction-contract-for-austin-light-rail-phase-1/">ATP Initiates Procurement Of Multibillion-Dollar Final Design And Construction Contract For Austin Light Rail Phase 1</a> appeared first on <a href="https://www.atptx.org">Austin Transit Partnership</a>.</p>
]]></content:encoded>
					
		
		
			</item>
		<item>
		<title>ATP to Update the Community on More Project Milestones</title>
		<link>https://www.atptx.org/atp-to-update-the-community-on-more-project-milestones/</link>
		
		<dc:creator><![CDATA[Sarah Buie]]></dc:creator>
		<pubDate>Fri, 10 Jan 2025 17:00:04 +0000</pubDate>
				<category><![CDATA[Uncategorized]]></category>
		<guid isPermaLink="false">https://www.atptx.org/?p=5239</guid>

					<description><![CDATA[<p>The post <a href="https://www.atptx.org/atp-to-update-the-community-on-more-project-milestones/">ATP to Update the Community on More Project Milestones</a> appeared first on <a href="https://www.atptx.org">Austin Transit Partnership</a>.</p>
]]></description>
										<content:encoded><![CDATA[<p>The post <a href="https://www.atptx.org/atp-to-update-the-community-on-more-project-milestones/">ATP to Update the Community on More Project Milestones</a> appeared first on <a href="https://www.atptx.org">Austin Transit Partnership</a>.</p>
]]></content:encoded>
					
		
		
			</item>
	</channel>
</rss>
